
*****************************************
Setting OMP_NUM_THREADS environment variable for each process to be 1 in default, to avoid your system being overloaded, please further tune the variable for optimal performance in your application as needed. 
*****************************************
[W922 03:30:37.888523181 socket.cpp:207] [c10d] The hostname of the client socket cannot be retrieved. err=-3
sharding_strategy is deprecated in favor of reshard_after_forward. This will be removed in a future version of Accelerate.
[W922 03:30:40.551899099 socket.cpp:207] [c10d] The hostname of the client socket cannot be retrieved. err=-3
sharding_strategy is deprecated in favor of reshard_after_forward. This will be removed in a future version of Accelerate.
[W922 03:30:40.627613610 socket.cpp:207] [c10d] The hostname of the client socket cannot be retrieved. err=-3
The fast path is not available because one of the required library is not installed. Falling back to torch implementation. To install follow https://github.com/fla-org/flash-linear-attention#installation and https://github.com/Dao-AILab/causal-conv1d
The fast path is not available because one of the required library is not installed. Falling back to torch implementation. To install follow https://github.com/fla-org/flash-linear-attention#installation and https://github.com/Dao-AILab/causal-conv1d

Loading weights:   0%|          | 0/321 [00:00<?, ?it/s]
Loading weights:   0%|          | 0/321 [00:00<?, ?it/s]
Loading weights:   0%|          | 1/321 [00:01<07:46,  1.46s/it]
Loading weights:   1%|          | 2/321 [00:01<03:53,  1.36it/s]
Loading weights:  97%|█████████▋| 310/321 [00:01<00:00, 317.04it/s]
Loading weights: 100%|██████████| 321/321 [00:01<00:00, 174.49it/s]

Loading weights:   0%|          | 1/321 [00:01<09:33,  1.79s/it]
Loading weights: 100%|██████████| 321/321 [00:01<00:00, 178.03it/s]
[rank0]:W0922 03:31:02.480000 3476 torch/_logging/_internal.py:1204] [0/0] Profiler function <class 'torch.autograd.profiler.record_function'> will be ignored
[rank1]:W0922 03:31:02.482000 3477 torch/_logging/_internal.py:1204] [0/0] Profiler function <class 'torch.autograd.profiler.record_function'> will be ignored
[rank1]:W0922 03:31:36.379000 3477 torch/_inductor/utils.py:1679] [14/1] Not enough SMs to use max_autotune_gemm mode
[rank0]:W0922 03:31:36.615000 3476 torch/_inductor/utils.py:1679] [14/1] Not enough SMs to use max_autotune_gemm mode
[rank0]: Traceback (most recent call last):
[rank0]:   File "<frozen runpy>", line 198, in _run_module_as_main
[rank0]:   File "<frozen runpy>", line 88, in _run_code
[rank0]:   File "/kaggle/working/tabcomplete/src/tinycomplete/code_cpt/train.py", line 1394, in <module>
[rank0]:     main()
[rank0]:   File "/kaggle/working/tabcomplete/src/tinycomplete/code_cpt/train.py", line 1388, in main
[rank0]:     summary = run_training(config)
[rank0]:               ^^^^^^^^^^^^^^^^^^^^
[rank0]:   File "/kaggle/working/tabcomplete/src/tinycomplete/code_cpt/train.py", line 878, in run_training
[rank0]:     output = model(**batch, use_cache=False)
[rank0]:              ^^^^^^^^^^^^^^^^^^^^^^^^^^^^^^^
[rank0]:   File "/usr/local/lib/python3.12/dist-packages/torch/_dynamo/eval_frame.py", line 465, in __call__
[rank0]:     return super().__call__(*args, **kwargs)
[rank0]:            ^^^^^^^^^^^^^^^^^^^^^^^^^^^^^^^^^
[rank0]:   File "/usr/local/lib/python3.12/dist-packages/torch/nn/modules/module.py", line 1776, in _wrapped_call_impl
[rank0]:     return self._call_impl(*args, **kwargs)
[rank0]:            ^^^^^^^^^^^^^^^^^^^^^^^^^^^^^^^^
[rank0]:   File "/usr/local/lib/python3.12/dist-packages/torch/nn/modules/module.py", line 1787, in _call_impl
[rank0]:     return forward_call(*args, **kwargs)
[rank0]:            ^^^^^^^^^^^^^^^^^^^^^^^^^^^^^
[rank0]:   File "/usr/local/lib/python3.12/dist-packages/torch/_dynamo/eval_frame.py", line 953, in compile_wrapper
[rank0]:     return fn(*args, **kwargs)
[rank0]:            ^^^^^^^^^^^^^^^^^^^
[rank0]:   File "/usr/local/lib/python3.12/dist-packages/torch/_dynamo/external_utils.py", line 69, in inner
[rank0]:     return fn(*args, **kwargs)
[rank0]:            ^^^^^^^^^^^^^^^^^^^
[rank0]:   File "/usr/local/lib/python3.12/dist-packages/torch/nn/modules/module.py", line 1776, in _wrapped_call_impl
[rank0]:     return self._call_impl(*args, **kwargs)
[rank0]:            ^^^^^^^^^^^^^^^^^^^^^^^^^^^^^^^^
[rank0]:   File "/usr/local/lib/python3.12/dist-packages/torch/nn/modules/module.py", line 1787, in _call_impl
[rank0]:     return forward_call(*args, **kwargs)
[rank0]:            ^^^^^^^^^^^^^^^^^^^^^^^^^^^^^
[rank0]:   File "/usr/local/lib/python3.12/dist-packages/torch/distributed/fsdp/fully_sharded_data_parallel.py", line 858, in forward
[rank0]:     output = self._fsdp_wrapped_module(*args, **kwargs)
[rank0]:              ^^^^^^^^^^^^^^^^^^^^^^^^^^^^^^^^^^^^^^^^^^
[rank0]:   File "/usr/local/lib/python3.12/dist-packages/torch/nn/modules/module.py", line 1776, in _wrapped_call_impl
[rank0]:     return self._call_impl(*args, **kwargs)
[rank0]:            ^^^^^^^^^^^^^^^^^^^^^^^^^^^^^^^^
[rank0]:   File "/usr/local/lib/python3.12/dist-packages/torch/nn/modules/module.py", line 1787, in _call_impl
[rank0]:     return forward_call(*args, **kwargs)
[rank0]:            ^^^^^^^^^^^^^^^^^^^^^^^^^^^^^
[rank0]:   File "/usr/local/lib/python3.12/dist-packages/accelerate/utils/operations.py", line 823, in forward
[rank0]:     return model_forward(*args, **kwargs)
[rank0]:            ^^^^^^^^^^^^^^^^^^^^^^^^^^^^^^
[rank0]:   File "/usr/local/lib/python3.12/dist-packages/accelerate/utils/operations.py", line 811, in __call__
[rank0]:     return convert_to_fp32(self.model_forward(*args, **kwargs))
[rank0]:                            ^^^^^^^^^^^^^^^^^^^^^^^^^^^^^^^^^^^
[rank0]:   File "/usr/local/lib/python3.12/dist-packages/torch/amp/autocast_mode.py", line 44, in decorate_autocast
[rank0]:     return func(*args, **kwargs)
[rank0]:            ^^^^^^^^^^^^^^^^^^^^^
[rank0]:   File "/usr/local/lib/python3.12/dist-packages/transformers/utils/generic.py", line 876, in wrapper
[rank0]:     output = func(self, *args, **kwargs)
[rank0]:              ^^^^^^^^^^^^^^^^^^^^^^^^^^^
[rank0]:   File "/usr/local/lib/python3.12/dist-packages/transformers/models/qwen3_5/modeling_qwen3_5.py", line 1740, in forward
[rank0]:     outputs: BaseModelOutputWithPast = self.model(
[rank0]:   File "/usr/local/lib/python3.12/dist-packages/transformers/models/qwen3_5/modeling_qwen3_5.py", line 1740, in torch_dynamo_resume_in_forward_at_1740
[rank0]:     outputs: BaseModelOutputWithPast = self.model(
[rank0]:   File "/usr/local/lib/python3.12/dist-packages/torch/_dynamo/eval_frame.py", line 1181, in _fn
[rank0]:     return fn(*args, **kwargs)
[rank0]:            ^^^^^^^^^^^^^^^^^^^
[rank0]:   File "/usr/local/lib/python3.12/dist-packages/torch/_functorch/aot_autograd.py", line 1148, in forward
[rank0]:     return compiled_fn(full_args)
[rank0]:            ^^^^^^^^^^^^^^^^^^^^^^
[rank0]:   File "/usr/local/lib/python3.12/dist-packages/torch/_functorch/_aot_autograd/runtime_wrappers.py", line 343, in runtime_wrapper
[rank0]:     all_outs = call_func_at_runtime_with_args(
[rank0]:                ^^^^^^^^^^^^^^^^^^^^^^^^^^^^^^^
[rank0]:   File "/usr/local/lib/python3.12/dist-packages/torch/_functorch/_aot_autograd/utils.py", line 134, in call_func_at_runtime_with_args
[rank0]:     out = normalize_as_list(f(args))
[rank0]:                             ^^^^^^^
[rank0]:   File "/usr/local/lib/python3.12/dist-packages/torch/_functorch/_aot_autograd/utils.py", line 108, in g
[rank0]:     return f(*args)
[rank0]:            ^^^^^^^^
[rank0]:   File "/usr/local/lib/python3.12/dist-packages/torch/autograd/function.py", line 583, in apply
[rank0]:     return super().apply(*args, **kwargs)  # type: ignore[misc]
[rank0]:            ^^^^^^^^^^^^^^^^^^^^^^^^^^^^^^
[rank0]:   File "/usr/local/lib/python3.12/dist-packages/torch/_functorch/_aot_autograd/runtime_wrappers.py", line 2152, in forward
[rank0]:     fw_outs = call_func_at_runtime_with_args(
[rank0]:               ^^^^^^^^^^^^^^^^^^^^^^^^^^^^^^^
[rank0]:   File "/usr/local/lib/python3.12/dist-packages/torch/_functorch/_aot_autograd/utils.py", line 134, in call_func_at_runtime_with_args
[rank0]:     out = normalize_as_list(f(args))
[rank0]:                             ^^^^^^^
[rank0]:   File "/usr/local/lib/python3.12/dist-packages/torch/_functorch/_aot_autograd/runtime_wrappers.py", line 531, in wrapper
[rank0]:     return compiled_fn(runtime_args)
[rank0]:            ^^^^^^^^^^^^^^^^^^^^^^^^^
[rank0]:   File "/usr/local/lib/python3.12/dist-packages/torch/_functorch/_aot_autograd/runtime_wrappers.py", line 729, in inner_fn
[rank0]:     outs = compiled_fn(args)
[rank0]:            ^^^^^^^^^^^^^^^^^
[rank0]:   File "/usr/local/lib/python3.12/dist-packages/torch/_inductor/output_code.py", line 638, in __call__
[rank0]:     return self.current_callable(inputs)
[rank0]:            ^^^^^^^^^^^^^^^^^^^^^^^^^^^^^
[rank0]:   File "/usr/local/lib/python3.12/dist-packages/torch/_inductor/utils.py", line 3220, in run
[rank0]:     out = model(new_inputs)
[rank0]:           ^^^^^^^^^^^^^^^^^
[rank0]:   File "/tmp/torchinductor_root/3f/c3ffu7ijwk5hekyefgtlbueqfwjkazfowpssqz64ujxk5obdnso6.py", line 355, in call
[rank0]:     buf0 = empty_strided_cuda((32768, 248320), (248320, 1), torch.float16)
[rank0]:            ^^^^^^^^^^^^^^^^^^^^^^^^^^^^^^^^^^^^^^^^^^^^^^^^^^^^^^^^^^^^^^^
[rank0]: torch.OutOfMemoryError: CUDA out of memory. Tried to allocate 15.16 GiB. GPU 0 has a total capacity of 14.56 GiB of which 9.59 GiB is free. Including non-PyTorch memory, this process has 4.96 GiB memory in use. Of the allocated memory 4.54 GiB is allocated by PyTorch, and 85.88 MiB is reserved by PyTorch but unallocated. If reserved but unallocated memory is large try setting PYTORCH_ALLOC_CONF=expandable_segments:True to avoid fragmentation.  See documentation for Memory Management  (https://pytorch.org/docs/stable/notes/cuda.html#environment-variables)
[rank1]: Traceback (most recent call last):
[rank1]:   File "<frozen runpy>", line 198, in _run_module_as_main
[rank1]:   File "<frozen runpy>", line 88, in _run_code
[rank1]:   File "/kaggle/working/tabcomplete/src/tinycomplete/code_cpt/train.py", line 1394, in <module>
[rank1]:     main()
[rank1]:   File "/kaggle/working/tabcomplete/src/tinycomplete/code_cpt/train.py", line 1388, in main
[rank1]:     summary = run_training(config)
[rank1]:               ^^^^^^^^^^^^^^^^^^^^
[rank1]:   File "/kaggle/working/tabcomplete/src/tinycomplete/code_cpt/train.py", line 878, in run_training
[rank1]:     output = model(**batch, use_cache=False)
[rank1]:              ^^^^^^^^^^^^^^^^^^^^^^^^^^^^^^^
[rank1]:   File "/usr/local/lib/python3.12/dist-packages/torch/_dynamo/eval_frame.py", line 465, in __call__
[rank1]:     return super().__call__(*args, **kwargs)
[rank1]:            ^^^^^^^^^^^^^^^^^^^^^^^^^^^^^^^^^
[rank1]:   File "/usr/local/lib/python3.12/dist-packages/torch/nn/modules/module.py", line 1776, in _wrapped_call_impl
[rank1]:     return self._call_impl(*args, **kwargs)
[rank1]:            ^^^^^^^^^^^^^^^^^^^^^^^^^^^^^^^^
[rank1]:   File "/usr/local/lib/python3.12/dist-packages/torch/nn/modules/module.py", line 1787, in _call_impl
[rank1]:     return forward_call(*args, **kwargs)
[rank1]:            ^^^^^^^^^^^^^^^^^^^^^^^^^^^^^
[rank1]:   File "/usr/local/lib/python3.12/dist-packages/torch/_dynamo/eval_frame.py", line 953, in compile_wrapper
[rank1]:     return fn(*args, **kwargs)
[rank1]:            ^^^^^^^^^^^^^^^^^^^
[rank1]:   File "/usr/local/lib/python3.12/dist-packages/torch/_dynamo/external_utils.py", line 69, in inner
[rank1]:     return fn(*args, **kwargs)
[rank1]:            ^^^^^^^^^^^^^^^^^^^
[rank1]:   File "/usr/local/lib/python3.12/dist-packages/torch/nn/modules/module.py", line 1776, in _wrapped_call_impl
[rank1]:     return self._call_impl(*args, **kwargs)
[rank1]:            ^^^^^^^^^^^^^^^^^^^^^^^^^^^^^^^^
[rank1]:   File "/usr/local/lib/python3.12/dist-packages/torch/nn/modules/module.py", line 1787, in _call_impl
[rank1]:     return forward_call(*args, **kwargs)
[rank1]:            ^^^^^^^^^^^^^^^^^^^^^^^^^^^^^
[rank1]:   File "/usr/local/lib/python3.12/dist-packages/torch/distributed/fsdp/fully_sharded_data_parallel.py", line 858, in forward
[rank1]:     output = self._fsdp_wrapped_module(*args, **kwargs)
[rank1]:              ^^^^^^^^^^^^^^^^^^^^^^^^^^^^^^^^^^^^^^^^^^
[rank1]:   File "/usr/local/lib/python3.12/dist-packages/torch/nn/modules/module.py", line 1776, in _wrapped_call_impl
[rank1]:     return self._call_impl(*args, **kwargs)
[rank1]:            ^^^^^^^^^^^^^^^^^^^^^^^^^^^^^^^^
[rank1]:   File "/usr/local/lib/python3.12/dist-packages/torch/nn/modules/module.py", line 1787, in _call_impl
[rank1]:     return forward_call(*args, **kwargs)
[rank1]:            ^^^^^^^^^^^^^^^^^^^^^^^^^^^^^
[rank1]:   File "/usr/local/lib/python3.12/dist-packages/accelerate/utils/operations.py", line 823, in forward
[rank1]:     return model_forward(*args, **kwargs)
[rank1]:            ^^^^^^^^^^^^^^^^^^^^^^^^^^^^^^
[rank1]:   File "/usr/local/lib/python3.12/dist-packages/accelerate/utils/operations.py", line 811, in __call__
[rank1]:     return convert_to_fp32(self.model_forward(*args, **kwargs))
[rank1]:                            ^^^^^^^^^^^^^^^^^^^^^^^^^^^^^^^^^^^
[rank1]:   File "/usr/local/lib/python3.12/dist-packages/torch/amp/autocast_mode.py", line 44, in decorate_autocast
[rank1]:     return func(*args, **kwargs)
[rank1]:            ^^^^^^^^^^^^^^^^^^^^^
[rank1]:   File "/usr/local/lib/python3.12/dist-packages/transformers/utils/generic.py", line 876, in wrapper
[rank1]:     output = func(self, *args, **kwargs)
[rank1]:              ^^^^^^^^^^^^^^^^^^^^^^^^^^^
[rank1]:   File "/usr/local/lib/python3.12/dist-packages/transformers/models/qwen3_5/modeling_qwen3_5.py", line 1740, in forward
[rank1]:     outputs: BaseModelOutputWithPast = self.model(
[rank1]:   File "/usr/local/lib/python3.12/dist-packages/transformers/models/qwen3_5/modeling_qwen3_5.py", line 1740, in torch_dynamo_resume_in_forward_at_1740
[rank1]:     outputs: BaseModelOutputWithPast = self.model(
[rank1]:   File "/usr/local/lib/python3.12/dist-packages/torch/_dynamo/eval_frame.py", line 1181, in _fn
[rank1]:     return fn(*args, **kwargs)
[rank1]:            ^^^^^^^^^^^^^^^^^^^
[rank1]:   File "/usr/local/lib/python3.12/dist-packages/torch/_functorch/aot_autograd.py", line 1148, in forward
[rank1]:     return compiled_fn(full_args)
[rank1]:            ^^^^^^^^^^^^^^^^^^^^^^
[rank1]:   File "/usr/local/lib/python3.12/dist-packages/torch/_functorch/_aot_autograd/runtime_wrappers.py", line 343, in runtime_wrapper
[rank1]:     all_outs = call_func_at_runtime_with_args(
[rank1]:                ^^^^^^^^^^^^^^^^^^^^^^^^^^^^^^^
[rank1]:   File "/usr/local/lib/python3.12/dist-packages/torch/_functorch/_aot_autograd/utils.py", line 134, in call_func_at_runtime_with_args
[rank1]:     out = normalize_as_list(f(args))
[rank1]:                             ^^^^^^^
[rank1]:   File "/usr/local/lib/python3.12/dist-packages/torch/_functorch/_aot_autograd/utils.py", line 108, in g
[rank1]:     return f(*args)
[rank1]:            ^^^^^^^^
[rank1]:   File "/usr/local/lib/python3.12/dist-packages/torch/autograd/function.py", line 583, in apply
[rank1]:     return super().apply(*args, **kwargs)  # type: ignore[misc]
[rank1]:            ^^^^^^^^^^^^^^^^^^^^^^^^^^^^^^
[rank1]:   File "/usr/local/lib/python3.12/dist-packages/torch/_functorch/_aot_autograd/runtime_wrappers.py", line 2152, in forward
[rank1]:     fw_outs = call_func_at_runtime_with_args(
[rank1]:               ^^^^^^^^^^^^^^^^^^^^^^^^^^^^^^^
[rank1]:   File "/usr/local/lib/python3.12/dist-packages/torch/_functorch/_aot_autograd/utils.py", line 134, in call_func_at_runtime_with_args
[rank1]:     out = normalize_as_list(f(args))
[rank1]:                             ^^^^^^^
[rank1]:   File "/usr/local/lib/python3.12/dist-packages/torch/_functorch/_aot_autograd/runtime_wrappers.py", line 531, in wrapper
[rank1]:     return compiled_fn(runtime_args)
[rank1]:            ^^^^^^^^^^^^^^^^^^^^^^^^^
[rank1]:   File "/usr/local/lib/python3.12/dist-packages/torch/_functorch/_aot_autograd/runtime_wrappers.py", line 729, in inner_fn
[rank1]:     outs = compiled_fn(args)
[rank1]:            ^^^^^^^^^^^^^^^^^
[rank1]:   File "/usr/local/lib/python3.12/dist-packages/torch/_inductor/output_code.py", line 638, in __call__
[rank1]:     return self.current_callable(inputs)
[rank1]:            ^^^^^^^^^^^^^^^^^^^^^^^^^^^^^
[rank1]:   File "/usr/local/lib/python3.12/dist-packages/torch/_inductor/utils.py", line 3220, in run
[rank1]:     out = model(new_inputs)
[rank1]:           ^^^^^^^^^^^^^^^^^
[rank1]:   File "/tmp/torchinductor_root/bv/cbvxjb4egekdfcecrogi7volnfhxomxxfju6h3u5mx3rr5xvac3w.py", line 355, in call
[rank1]:     buf0 = empty_strided_cuda((32768, 248320), (248320, 1), torch.float16)
[rank1]:            ^^^^^^^^^^^^^^^^^^^^^^^^^^^^^^^^^^^^^^^^^^^^^^^^^^^^^^^^^^^^^^^
[rank1]: torch.OutOfMemoryError: CUDA out of memory. Tried to allocate 15.16 GiB. GPU 1 has a total capacity of 14.56 GiB of which 9.59 GiB is free. Including non-PyTorch memory, this process has 4.96 GiB memory in use. Of the allocated memory 4.54 GiB is allocated by PyTorch, and 85.88 MiB is reserved by PyTorch but unallocated. If reserved but unallocated memory is large try setting PYTORCH_ALLOC_CONF=expandable_segments:True to avoid fragmentation.  See documentation for Memory Management  (https://pytorch.org/docs/stable/notes/cuda.html#environment-variables)
W0922 03:32:08.513000 3468 torch/distributed/elastic/multiprocessing/api.py:1010] Sending process 3477 closing signal SIGTERM
E0922 03:32:08.878000 3468 torch/distributed/elastic/multiprocessing/api.py:984] failed (exitcode: 1) local_rank: 0 (pid: 3476) of binary: /usr/bin/python3
Traceback (most recent call last):
  File "<frozen runpy>", line 198, in _run_module_as_main
  File "<frozen runpy>", line 88, in _run_code
  File "/usr/local/lib/python3.12/dist-packages/torch/distributed/run.py", line 995, in <module>
    main()
  File "/usr/local/lib/python3.12/dist-packages/torch/distributed/elastic/multiprocessing/errors/__init__.py", line 362, in wrapper
    return f(*args, **kwargs)
           ^^^^^^^^^^^^^^^^^^
  File "/usr/local/lib/python3.12/dist-packages/torch/distributed/run.py", line 991, in main
    run(args)
  File "/usr/local/lib/python3.12/dist-packages/torch/distributed/run.py", line 982, in run
    elastic_launch(
  File "/usr/local/lib/python3.12/dist-packages/torch/distributed/launcher/api.py", line 170, in __call__
    return launch_agent(self._config, self._entrypoint, list(args))
           ^^^^^^^^^^^^^^^^^^^^^^^^^^^^^^^^^^^^^^^^^^^^^^^^^^^^^^^^
  File "/usr/local/lib/python3.12/dist-packages/torch/distributed/launcher/api.py", line 317, in launch_agent
    raise ChildFailedError(
torch.distributed.elastic.multiprocessing.errors.ChildFailedError: 
============================================================
tinycomplete.code_cpt.train FAILED
------------------------------------------------------------
Failures:
[1]:
  time      : 2026-09-22_03:32:08
  host      : b8127cc6b1a3
  rank      : 1 (local_rank: 1)
  exitcode  : -15 (pid: 3477)
  error_file: <N/A>
  traceback : Signal 15 (SIGTERM) received by PID 3477
------------------------------------------------------------
Root Cause (first observed failure):
[0]:
  time      : 2026-09-22_03:32:08
  host      : b8127cc6b1a3
  rank      : 0 (local_rank: 0)
  exitcode  : 1 (pid: 3476)
  error_file: <N/A>
  traceback : To enable traceback see: https://pytorch.org/docs/stable/elastic/errors.html
============================================================
